    1C
    1USynthetic unit cube solver smoke                                  
    1UUSER                                                              
    1UDATE              07.september.2026                               
    1UTIME              04:51:52                                        
    1UHOST                                                              
    1UPGM               CalculiX                                        
    1UVERSION           Version DEVELOPMENT                             
    1UCOMPILETIME       Mon Sep  7 04:25:42 UTC 2026                    
    1UDIR                                                               
    1UDBN                                                               
    1UMAT    1STEEL_SYNTHETIC                                           
    2C                             8                                     1
 -1         1 0.00000E+00 0.00000E+00 0.00000E+00
 -1         2 1.00000E+00 0.00000E+00 0.00000E+00
 -1         3 1.00000E+00 1.00000E+00 0.00000E+00
 -1         4 0.00000E+00 1.00000E+00 0.00000E+00
 -1         5 0.00000E+00 0.00000E+00 1.00000E+00
 -1         6 1.00000E+00 0.00000E+00 1.00000E+00
 -1         7 1.00000E+00 1.00000E+00 1.00000E+00
 -1         8 0.00000E+00 1.00000E+00 1.00000E+00
 -3
    3C                             1                                     1
 -1         1    1    0    1
 -2         1         2         3         4         5         6         7         8
 -3
    1PSTEP                         1           1           1          
  100CL  101 1.000000000           8                     0    1           1
 -4  DISP        4    1
 -5  D1          1    2    1    0
 -5  D2          1    2    2    0
 -5  D3          1    2    3    0
 -5  ALL         1    2    0    0    1ALL
 -1         1 0.00000E+00 0.00000E+00 0.00000E+00
 -1         2 3.58458E-02 8.48980E-03 8.53696E-02
 -1         3 3.58458E-02-8.48980E-03 8.53696E-02
 -1         4 0.00000E+00 0.00000E+00 0.00000E+00
 -1         5 0.00000E+00 0.00000E+00 0.00000E+00
 -1         6-3.58458E-02-8.48980E-03 8.53696E-02
 -1         7-3.58458E-02 8.48980E-03 8.53696E-02
 -1         8 0.00000E+00 0.00000E+00 0.00000E+00
 -3
    1PSTEP                         2           1           1          
  100CL  101 1.000000000           8                     0    1           1
 -4  STRESS      6    1
 -5  SXX         1    4    1    1
 -5  SYY         1    4    2    2
 -5  SZZ         1    4    3    3
 -5  SXY         1    4    1    2
 -5  SYZ         1    4    2    3
 -5  SZX         1    4    3    1
 -1         1 1.01333E+04 4.34281E+03 4.34282E+03 6.85705E+02-4.86417E-03 6.89506E+03
 -1         2 8.07615E+03-4.57123E+02 2.28571E+03 6.85705E+02-1.37142E+03 1.10462E+03
 -1         3 8.07615E+03-4.57123E+02 2.28571E+03-6.85705E+02 1.37142E+03 1.10462E+03
 -1         4 1.01333E+04 4.34281E+03 4.34282E+03-6.85705E+02 4.86417E-03 6.89506E+03
 -1         5-1.01333E+04-4.34281E+03-4.34282E+03-6.85705E+02-4.86417E-03 6.89506E+03
 -1         6-8.07615E+03 4.57123E+02-2.28571E+03-6.85705E+02-1.37142E+03 1.10462E+03
 -1         7-8.07615E+03 4.57123E+02-2.28571E+03 6.85705E+02 1.37142E+03 1.10462E+03
 -1         8-1.01333E+04-4.34281E+03-4.34282E+03 6.85705E+02 4.86417E-03 6.89506E+03
 -3
    1PSTEP                         3           1           1          
  100CL  101 1.000000000           8                     0    1           1
 -4  ERROR       1    1
 -5  STR(%)      1    1    0    0
 -1         1 7.42210E+01
 -1         2 7.42210E+01
 -1         3 7.42210E+01
 -1         4 7.42210E+01
 -1         5 7.42210E+01
 -1         6 7.42210E+01
 -1         7 7.42210E+01
 -1         8 7.42210E+01
 -3
 9999
